Archive member included because of file (symbol)

f:/atmel studio/7.0/toolchain/arm/arm-gnu-toolchain/bin/../lib/gcc/arm-none-eabi/4.9.3/../../../../arm-none-eabi/lib/armv7-m\libc.a(lib_a-assert.o)
                              Source/pwm.o (__assert_func)
f:/atmel studio/7.0/toolchain/arm/arm-gnu-toolchain/bin/../lib/gcc/arm-none-eabi/4.9.3/../../../../arm-none-eabi/lib/armv7-m\libc.a(lib_a-exit.o)
                              f:/atmel studio/7.0/toolchain/arm/arm-gnu-toolchain/bin/../lib/gcc/arm-none-eabi/4.9.3/../../../../arm-none-eabi/lib/armv7-m/crt0.o (exit)
f:/atmel studio/7.0/toolchain/arm/arm-gnu-toolchain/bin/../lib/gcc/arm-none-eabi/4.9.3/../../../../arm-none-eabi/lib/armv7-m\libc.a(lib_a-fiprintf.o)
                              f:/atmel studio/7.0/toolchain/arm/arm-gnu-toolchain/bin/../lib/gcc/arm-none-eabi/4.9.3/../../../../arm-none-eabi/lib/armv7-m\libc.a(lib_a-assert.o) (fiprintf)
f:/atmel studio/7.0/toolchain/arm/arm-gnu-toolchain/bin/../lib/gcc/arm-none-eabi/4.9.3/../../../../arm-none-eabi/lib/armv7-m\libc.a(lib_a-impure.o)
                              f:/atmel studio/7.0/toolchain/arm/arm-gnu-toolchain/bin/../lib/gcc/arm-none-eabi/4.9.3/../../../../arm-none-eabi/lib/armv7-m\libc.a(lib_a-exit.o) (_global_impure_ptr)
f:/atmel studio/7.0/toolchain/arm/arm-gnu-toolchain/bin/../lib/gcc/arm-none-eabi/4.9.3/../../../../arm-none-eabi/lib/armv7-m\libc.a(lib_a-init.o)
                              f:/atmel studio/7.0/toolchain/arm/arm-gnu-toolchain/bin/../lib/gcc/arm-none-eabi/4.9.3/../../../../arm-none-eabi/lib/armv7-m/crt0.o (__libc_init_array)
f:/atmel studio/7.0/toolchain/arm/arm-gnu-toolchain/bin/../lib/gcc/arm-none-eabi/4.9.3/../../../../arm-none-eabi/lib/armv7-m\libc.a(lib_a-memmove.o)
                              Source/twi.o (memmove)
f:/atmel studio/7.0/toolchain/arm/arm-gnu-toolchain/bin/../lib/gcc/arm-none-eabi/4.9.3/../../../../arm-none-eabi/lib/armv7-m\libc.a(lib_a-memset.o)
                              f:/atmel studio/7.0/toolchain/arm/arm-gnu-toolchain/bin/../lib/gcc/arm-none-eabi/4.9.3/../../../../arm-none-eabi/lib/armv7-m/crt0.o (memset)
f:/atmel studio/7.0/toolchain/arm/arm-gnu-toolchain/bin/../lib/gcc/arm-none-eabi/4.9.3/../../../../arm-none-eabi/lib/armv7-m\libc.a(lib_a-vfiprintf.o)
                              f:/atmel studio/7.0/toolchain/arm/arm-gnu-toolchain/bin/../lib/gcc/arm-none-eabi/4.9.3/../../../../arm-none-eabi/lib/armv7-m\libc.a(lib_a-fiprintf.o) (_vfiprintf_r)
f:/atmel studio/7.0/toolchain/arm/arm-gnu-toolchain/bin/../lib/gcc/arm-none-eabi/4.9.3/../../../../arm-none-eabi/lib/armv7-m\libc.a(lib_a-wsetup.o)
                              f:/atmel studio/7.0/toolchain/arm/arm-gnu-toolchain/bin/../lib/gcc/arm-none-eabi/4.9.3/../../../../arm-none-eabi/lib/armv7-m\libc.a(lib_a-vfiprintf.o) (__swsetup_r)
f:/atmel studio/7.0/toolchain/arm/arm-gnu-toolchain/bin/../lib/gcc/arm-none-eabi/4.9.3/../../../../arm-none-eabi/lib/armv7-m\libc.a(lib_a-__call_atexit.o)
                              f:/atmel studio/7.0/toolchain/arm/arm-gnu-toolchain/bin/../lib/gcc/arm-none-eabi/4.9.3/../../../../arm-none-eabi/lib/armv7-m\libc.a(lib_a-exit.o) (__call_exitprocs)
f:/atmel studio/7.0/toolchain/arm/arm-gnu-toolchain/bin/../lib/gcc/arm-none-eabi/4.9.3/../../../../arm-none-eabi/lib/armv7-m\libc.a(lib_a-abort.o)
                              f:/atmel studio/7.0/toolchain/arm/arm-gnu-toolchain/bin/../lib/gcc/arm-none-eabi/4.9.3/../../../../arm-none-eabi/lib/armv7-m\libc.a(lib_a-assert.o) (abort)
f:/atmel studio/7.0/toolchain/arm/arm-gnu-toolchain/bin/../lib/gcc/arm-none-eabi/4.9.3/../../../../arm-none-eabi/lib/armv7-m\libc.a(lib_a-atexit.o)
                              f:/atmel studio/7.0/toolchain/arm/arm-gnu-toolchain/bin/../lib/gcc/arm-none-eabi/4.9.3/../../../../arm-none-eabi/lib/armv7-m\libc.a(lib_a-__call_atexit.o) (atexit)
f:/atmel studio/7.0/toolchain/arm/arm-gnu-toolchain/bin/../lib/gcc/arm-none-eabi/4.9.3/../../../../arm-none-eabi/lib/armv7-m\libc.a(lib_a-fflush.o)
                              f:/atmel studio/7.0/toolchain/arm/arm-gnu-toolchain/bin/../lib/gcc/arm-none-eabi/4.9.3/../../../../arm-none-eabi/lib/armv7-m\libc.a(lib_a-vfiprintf.o) (_fflush_r)
f:/atmel studio/7.0/toolchain/arm/arm-gnu-toolchain/bin/../lib/gcc/arm-none-eabi/4.9.3/../../../../arm-none-eabi/lib/armv7-m\libc.a(lib_a-findfp.o)
                              f:/atmel studio/7.0/toolchain/arm/arm-gnu-toolchain/bin/../lib/gcc/arm-none-eabi/4.9.3/../../../../arm-none-eabi/lib/armv7-m\libc.a(lib_a-vfiprintf.o) (__sinit)
f:/atmel studio/7.0/toolchain/arm/arm-gnu-toolchain/bin/../lib/gcc/arm-none-eabi/4.9.3/../../../../arm-none-eabi/lib/armv7-m\libc.a(lib_a-fini.o)
                              f:/atmel studio/7.0/toolchain/arm/arm-gnu-toolchain/bin/../lib/gcc/arm-none-eabi/4.9.3/../../../../arm-none-eabi/lib/armv7-m\libc.a(lib_a-__call_atexit.o) (__libc_fini_array)
f:/atmel studio/7.0/toolchain/arm/arm-gnu-toolchain/bin/../lib/gcc/arm-none-eabi/4.9.3/../../../../arm-none-eabi/lib/armv7-m\libc.a(lib_a-fputwc.o)
[...]
Memory Configuration

Name             Origin             Length             Attributes
rom              0x00080000         0x00080000         xr
ram              0x20000000         0x00018000         xrw
*default*        0x00000000         0xffffffff

Linker script and memory map

LOAD f:/atmel studio/7.0/toolchain/arm/arm-gnu-toolchain/bin/../lib/gcc/arm-none-eabi/4.9.3/armv7-m/crti.o
LOAD f:/atmel studio/7.0/toolchain/arm/arm-gnu-toolchain/bin/../lib/gcc/arm-none-eabi/4.9.3/armv7-m/crtbegin.o
LOAD f:/atmel studio/7.0/toolchain/arm/arm-gnu-toolchain/bin/../lib/gcc/arm-none-eabi/4.9.3/../../../../arm-none-eabi/lib/armv7-m/crt0.o
LOAD Device_Startup/startup_sam3xa.o
LOAD Device_Startup/system_sam3xa.o
LOAD libraries.o
LOAD main.o
LOAD Peripherals/LSM9DS0.o
LOAD Peripherals/NeoPixel.o
LOAD Source/can.o
LOAD Source/dacc.o
LOAD Source/delay.o
LOAD Source/gccPatch.o
LOAD Source/ioController.o
LOAD Source/pio.o
LOAD Source/pmc.o
LOAD Source/pwm.o
LOAD Source/ringbuffer.o
LOAD Source/rtc.o
LOAD Source/rtt.o
LOAD Source/spi.o
LOAD Source/tc.o
LOAD Source/timetick.o
LOAD Source/twi.o
LOAD Source/UART.o
LOAD Source/USART.o
START GROUP
END GROUP
LOAD f:/atmel studio/7.0/toolchain/arm/arm-gnu-toolchain/bin/../lib/gcc/arm-none-eabi/4.9.3/../../../../arm-none-eabi/lib/armv7-m\libstdc++.a
LOAD f:/atmel studio/7.0/toolchain/arm/arm-gnu-toolchain/bin/../lib/gcc/arm-none-eabi/4.9.3/../../../../arm-none-eabi/lib/armv7-m\libm.a
START GROUP
LOAD f:/atmel studio/7.0/toolchain/arm/arm-gnu-toolchain/bin/../lib/gcc/arm-none-eabi/4.9.3/armv7-m\libgcc.a
LOAD f:/atmel studio/7.0/toolchain/arm/arm-gnu-toolchain/bin/../lib/gcc/arm-none-eabi/4.9.3/../../../../arm-none-eabi/lib/armv7-m\libc.a
END GROUP
LOAD f:/atmel studio/7.0/toolchain/arm/arm-gnu-toolchain/bin/../lib/gcc/arm-none-eabi/4.9.3/armv7-m/crtend.o
LOAD f:/atmel studio/7.0/toolchain/arm/arm-gnu-toolchain/bin/../lib/gcc/arm-none-eabi/4.9.3/armv7-m/crtn.o
                0x00000400                STACK_SIZE = DEFINED (STACK_SIZE)?STACK_SIZE:0x400
                0x00000200                HEAP_SIZE = DEFINED (HEAP_SIZE)?HEAP_SIZE:0x200

.text           0x00080000      0x958
                0x00080000                . = ALIGN (0x4)
                0x00080000                _sfixed = .
 *(.vectors .vectors.*)
 .vectors       0x00080000       0xf4 Device_Startup/startup_sam3xa.o
                0x00080000                exception_table
 *(.text .text.* .gnu.linkonce.t.*)
 .text          0x000800f4       0x5c f:/atmel studio/7.0/toolchain/arm/arm-gnu-toolchain/bin/../lib/gcc/arm-none-eabi/4.9.3/armv7-m/crtbegin.o
 .text.Dummy_Handler
                0x00080150        0x4 Device_Startup/startup_sam3xa.o
                0x00080150                DACC_Handler
                0x00080150                DebugMon_Handler
                0x00080150                DMAC_Handler
                0x00080150                TRNG_Handler
                0x00080150                HardFault_Handler
                0x00080150                TC2_Handler
                0x00080150                SysTick_Handler
                0x00080150                PendSV_Handler
                0x00080150                NMI_Handler
                0x00080150                TC7_Handler
                0x00080150                ADC_Handler
                0x00080150                SMC_Handler
                0x00080150                RTT_Handler
                0x00080150                EFC1_Handler
                0x00080150                PIOB_Handler
                0x00080150                RTC_Handler
                0x00080150                UsageFault_Handler
                0x00080150                TC6_Handler
                0x00080150                WDT_Handler
                0x00080150                CAN0_Handler
                0x00080150                TC4_Handler
                0x00080150                TC1_Handler
                0x00080150                HSMCI_Handler
                0x00080150                TC3_Handler
                0x00080150                Dummy_Handler
                0x00080150                PIOA_Handler
                0x00080150                SSC_Handler
                0x00080150                EFC0_Handler
                0x00080150                PMC_Handler
                0x00080150                PWM_Handler
                0x00080150                CAN1_Handler
                0x00080150                MemManage_Handler
                0x00080150                SUPC_Handler
                0x00080150                SVC_Handler
                0x00080150                TC8_Handler
                0x00080150                USART2_Handler
                0x00080150                PIOD_Handler
                0x00080150                EMAC_Handler
                0x00080150                PIOC_Handler
                0x00080150                BusFault_Handler
                0x00080150                RSTC_Handler
                0x00080150                TC0_Handler
                0x00080150                TC5_Handler
                0x00080150                UOTGHS_Handler
                0x00080150                SPI0_Handler
 .text.Reset_Handler
                0x00080154       0x9c Device_Startup/startup_sam3xa.o
                0x00080154                Reset_Handler
 .text.SystemInit
                0x000801f0       0xa4 Device_Startup/system_sam3xa.o
                0x000801f0                SystemInit
 .text.UART_Handler
                0x00080294       0x14 libraries.o
                0x00080294                UART_Handler
 .text.USART0_Handler
                0x000802a8       0x14 libraries.o
                0x000802a8                USART0_Handler
 .text.USART1_Handler
                0x000802bc       0x14 libraries.o
                0x000802bc                USART1_Handler
 .text.USART3_Handler
                0x000802d0       0x14 libraries.o
                0x000802d0                USART3_Handler
 .text.TWI0_Handler
                0x000802e4       0x14 libraries.o
                0x000802e4                TWI0_Handler
 .text.TWI1_Handler
                0x000802f8       0x14 libraries.o
                0x000802f8                TWI1_Handler
 .text.startup._GLOBAL__sub_I_txBuffer1
                0x0008030c       0xac libraries.o
 .text.startup.main
                0x000803b8        0xc main.o
                0x000803b8                main
 .text._ZN15RingBufferClassC2Ev
                0x000803c4       0x20 Source/ringbuffer.o
                0x000803c4                RingBufferClass::RingBufferClass()
                0x000803c4                RingBufferClass::RingBufferClass()
 .text._ZN15RingBufferClass9storeDataEh
                0x000803e4       0x20 Source/ringbuffer.o
                0x000803e4                RingBufferClass::storeData(unsigned char)
 .text._ZN15RingBufferClass8readDataEv
                0x00080404       0x24 Source/ringbuffer.o
                0x00080404                RingBufferClass::readData()
 .text._ZN12TwoWireClassC2EP3Twi
                0x00080428       0x5c Source/twi.o
                0x00080428                TwoWireClass::TwoWireClass(Twi*)
                0x00080428                TwoWireClass::TwoWireClass(Twi*)
 .text._ZN12TwoWireClass10IRQHandlerEv
                0x00080484       0xfc Source/twi.o
                0x00080484                TwoWireClass::IRQHandler()
 .text._ZN9UARTClassC2EP15RingBufferClassS1_
                0x00080580        0x8 Source/UART.o
                0x00080580                UARTClass::UARTClass(RingBufferClass*, RingBufferClass*)
                0x00080580                UARTClass::UARTClass(RingBufferClass*, RingBufferClass*)
 .text._ZN9UARTClass10IrqHandlerEv
                0x00080588       0x58 Source/UART.o
                0x00080588                UARTClass::IrqHandler()
 .text._ZN10USARTClassC2EmP15RingBufferClassS1_
                0x000805e0       0x50 Source/USART.o
                0x000805e0                USARTClass::USARTClass(unsigned long, RingBufferClass*, RingBufferClass*)
                0x000805e0                USARTClass::USARTClass(unsigned long, RingBufferClass*, RingBufferClass*)
 .text._ZN10USARTClass10IrqHandlerEv
                0x00080630       0x54 Source/USART.o
                0x00080630                USARTClass::IrqHandler()
 .text.__libc_init_array
                0x00080684       0x50 f:/atmel studio/7.0/toolchain/arm/arm-gnu-toolchain/bin/../lib/gcc/arm-none-eabi/4.9.3/../../../../arm-none-eabi/lib/armv7-m\libc.a(lib_a-init.o)
                0x00080684                __libc_init_array
 .text.memmove  0x000806d4       0xc8 f:/atmel studio/7.0/toolchain/arm/arm-gnu-toolchain/bin/../lib/gcc/arm-none-eabi/4.9.3/../../../../arm-none-eabi/lib/armv7-m\libc.a(lib_a-memmove.o)
                0x000806d4                memmove
 .text.memset   0x0008079c       0x9c f:/atmel studio/7.0/toolchain/arm/arm-gnu-toolchain/bin/../lib/gcc/arm-none-eabi/4.9.3/../../../../arm-none-eabi/lib/armv7-m\libc.a(lib_a-memset.o)
                0x0008079c                memset
 .text.startup.register_fini
                0x00080838       0x14 f:/atmel studio/7.0/toolchain/arm/arm-gnu-toolchain/bin/../lib/gcc/arm-none-eabi/4.9.3/../../../../arm-none-eabi/lib/armv7-m\libc.a(lib_a-__call_atexit.o)
 .text.atexit   0x0008084c        0xc f:/atmel studio/7.0/toolchain/arm/arm-gnu-toolchain/bin/../lib/gcc/arm-none-eabi/4.9.3/../../../../arm-none-eabi/lib/armv7-m\libc.a(lib_a-atexit.o)
                0x0008084c                atexit
 .text.__libc_fini_array
                0x00080858       0x2c f:/atmel studio/7.0/toolchain/arm/arm-gnu-toolchain/bin/../lib/gcc/arm-none-eabi/4.9.3/../../../../arm-none-eabi/lib/armv7-m\libc.a(lib_a-fini.o)
                0x00080858                __libc_fini_array
 .text.__register_exitproc
                0x00080884       0xa4 f:/atmel studio/7.0/toolchain/arm/arm-gnu-toolchain/bin/../lib/gcc/arm-none-eabi/4.9.3/../../../../arm-none-eabi/lib/armv7-m\libc.a(lib_a-__atexit.o)
                0x00080884                __register_exitproc
 *(.glue_7t)
 .glue_7t       0x00000000        0x0 linker stubs
 *(.glue_7)
 .glue_7        0x00000000        0x0 linker stubs
 *(.rodata .rodata* .gnu.linkonce.r.*)
 .rodata.str1.4
                0x00080928        0x4 f:/atmel studio/7.0/toolchain/arm/arm-gnu-toolchain/bin/../lib/gcc/arm-none-eabi/4.9.3/../../../../arm-none-eabi/lib/armv7-m\libc.a(lib_a-impure.o)
                                  0x2 (size before relaxing)
 .rodata._global_impure_ptr
                0x0008092c        0x4 f:/atmel studio/7.0/toolchain/arm/arm-gnu-toolchain/bin/../lib/gcc/arm-none-eabi/4.9.3/../../../../arm-none-eabi/lib/armv7-m\libc.a(lib_a-impure.o)
                0x0008092c                _global_impure_ptr
 *(.ARM.extab* .gnu.linkonce.armextab.*)
                0x00080930                . = ALIGN (0x4)
 *(.init)
 .init          0x00080930        0x4 f:/atmel studio/7.0/toolchain/arm/arm-gnu-toolchain/bin/../lib/gcc/arm-none-eabi/4.9.3/armv7-m/crti.o
                0x00080930                _init
 .init          0x00080934        0x8 f:/atmel studio/7.0/toolchain/arm/arm-gnu-toolchain/bin/../lib/gcc/arm-none-eabi/4.9.3/armv7-m/crtn.o
                0x0008093c                . = ALIGN (0x4)
                0x0008093c                __preinit_array_start = .
 *(.preinit_array)
                0x0008093c                __preinit_array_end = .
                0x0008093c                . = ALIGN (0x4)
                0x0008093c                __init_array_start = .
 *(SORT(.init_array.*))
 .init_array.00000
                0x0008093c        0x4 f:/atmel studio/7.0/toolchain/arm/arm-gnu-toolchain/bin/../lib/gcc/arm-none-eabi/4.9.3/../../../../arm-none-eabi/lib/armv7-m\libc.a(lib_a-__call_atexit.o)
 *(.init_array)
 .init_array    0x00080940        0x4 f:/atmel studio/7.0/toolchain/arm/arm-gnu-toolchain/bin/../lib/gcc/arm-none-eabi/4.9.3/armv7-m/crtbegin.o
 .init_array    0x00080944        0x4 libraries.o
                0x00080948                __init_array_end = .
                0x00080948                . = ALIGN (0x4)
 *crtbegin.o(.ctors)
 *(EXCLUDE_FILE(*crtend.o) .ctors)
 *(SORT(.ctors.*))
 *crtend.o(.ctors)
                0x00080948                . = ALIGN (0x4)
 *(.fini)
 .fini          0x00080948        0x4 f:/atmel studio/7.0/toolchain/arm/arm-gnu-toolchain/bin/../lib/gcc/arm-none-eabi/4.9.3/armv7-m/crti.o
                0x00080948                _fini
 .fini          0x0008094c        0x8 f:/atmel studio/7.0/toolchain/arm/arm-gnu-toolchain/bin/../lib/gcc/arm-none-eabi/4.9.3/armv7-m/crtn.o
                0x00080954                . = ALIGN (0x4)
                0x00080954                __fini_array_start = .
 *(.fini_array)
 .fini_array    0x00080954        0x4 f:/atmel studio/7.0/toolchain/arm/arm-gnu-toolchain/bin/../lib/gcc/arm-none-eabi/4.9.3/armv7-m/crtbegin.o
 *(SORT(.fini_array.*))
                0x00080958                __fini_array_end = .
 *crtbegin.o(.dtors)
 *(EXCLUDE_FILE(*crtend.o) .dtors)
 *(SORT(.dtors.*))
 *crtend.o(.dtors)
                0x00080958                . = ALIGN (0x4)
                0x00080958                _efixed = .
                0x00080958                PROVIDE (__exidx_start, .)

.vfp11_veneer   0x00080958        0x0
 .vfp11_veneer  0x00000000        0x0 linker stubs

.v4_bx          0x00080958        0x0
 .v4_bx         0x00000000        0x0 linker stubs

.iplt           0x00080958        0x0
 .iplt          0x00000000        0x0 f:/atmel studio/7.0/toolchain/arm/arm-gnu-toolchain/bin/../lib/gcc/arm-none-eabi/4.9.3/armv7-m/crtbegin.o

.eh_frame       0x00080958        0x0
 .eh_frame      0x00080958        0x0 f:/atmel studio/7.0/toolchain/arm/arm-gnu-toolchain/bin/../lib/gcc/arm-none-eabi/4.9.3/armv7-m/crtbegin.o

.rel.dyn        0x00080958        0x0
 .rel.iplt      0x00000000        0x0 f:/atmel studio/7.0/toolchain/arm/arm-gnu-toolchain/bin/../lib/gcc/arm-none-eabi/4.9.3/armv7-m/crtbegin.o

.jcr            0x00080958        0x0
 .jcr           0x00080958        0x0 f:/atmel studio/7.0/toolchain/arm/arm-gnu-toolchain/bin/../lib/gcc/arm-none-eabi/4.9.3/armv7-m/crtbegin.o

.igot.plt       0x00080958        0x0
 .igot.plt      0x00000000        0x0 f:/atmel studio/7.0/toolchain/arm/arm-gnu-toolchain/bin/../lib/gcc/arm-none-eabi/4.9.3/armv7-m/crtbegin.o

.ARM.exidx
 *(.ARM.exidx* .gnu.linkonce.armexidx.*)
                0x00080958                PROVIDE (__exidx_end, .)
                0x00080958                . = ALIGN (0x4)
                0x00080958                _etext = .

.relocate       0x20000000      0x430 load address 0x00080958
                0x20000000                . = ALIGN (0x4)
                0x20000000                _srelocate = .
 *(.ramfunc .ramfunc.*)
 *(.data .data.*)
 .data          0x20000000        0x4 Device_Startup/system_sam3xa.o
                0x20000000                SystemCoreClock
 *fill*         0x20000004        0x4 
 .data.impure_data
                0x20000008      0x428 f:/atmel studio/7.0/toolchain/arm/arm-gnu-toolchain/bin/../lib/gcc/arm-none-eabi/4.9.3/../../../../arm-none-eabi/lib/armv7-m\libc.a(lib_a-impure.o)
                0x20000430                . = ALIGN (0x4)
                0x20000430                _erelocate = .

.bss            0x20000430      0x658 load address 0x00080d88
                0x20000430                . = ALIGN (0x4)
                0x20000430                _sbss = .
                0x20000430                _szero = .
 *(.bss .bss.*)
 .bss           0x20000430       0x1c f:/atmel studio/7.0/toolchain/arm/arm-gnu-toolchain/bin/../lib/gcc/arm-none-eabi/4.9.3/armv7-m/crtbegin.o
 .bss           0x2000044c      0x63c libraries.o
                0x2000044c                Serial
                0x20000454                Serial1
                0x2000047c                Serial2
                0x200004a4                Serial3
                0x200004cc                Wire1
                0x2000054c                Wire
                0x200005cc                txBuffer1
                0x20000654                rxBuffer1
                0x200006dc                txBuffer2
                0x20000764                rxBuffer2
                0x200007ec                txBuffer3
                0x20000874                rxBuffer3
                0x200008fc                txBuffer4
                0x20000984                rxBuffer4
                0x20000a0c                SPI
 *(COMMON)
                0x20000a88                . = ALIGN (0x4)
                0x20000a88                _ebss = .
                0x20000a88                _ezero = .

.stack          0x20000a88      0x400 load address 0x000813e0
                0x20000a88                . = ALIGN (0x8)
                0x20000a88                _sstack = .
                0x20000e88                . = (. + STACK_SIZE)
 *fill*         0x20000a88      0x400 
                0x20000e88                . = ALIGN (0x8)
                0x20000e88                _estack = .

.heap           0x20000e88      0x200 load address 0x000817e0
                0x20000e88                . = ALIGN (0x8)
                0x20000e88                _sheap = .
                0x20001088                . = (. + HEAP_SIZE)
 *fill*         0x20000e88      0x200 
                0x20001088                . = ALIGN (0x8)
                0x20001088                _eheap = .
                0x20001088                . = ALIGN (0x4)
                0x20001088                _end = .
                0x20017fff                _ram_end_ = ((ORIGIN (ram) + 0x18000) - 0x1)
OUTPUT(SAM3X8E_OfficialDevelopment.elf elf32-littlearm)

.ARM.attributes
                0x00000000       0x29
 .ARM.attributes
                0x00000000       0x1d f:/atmel studio/7.0/toolchain/arm/arm-gnu-toolchain/bin/../lib/gcc/arm-none-eabi/4.9.3/armv7-m/crti.o
 .ARM.attributes
                0x0000001d       0x2d f:/atmel studio/7.0/toolchain/arm/arm-gnu-toolchain/bin/../lib/gcc/arm-none-eabi/4.9.3/armv7-m/crtbegin.o
 .ARM.attributes
                0x0000004a       0x33 Device_Startup/startup_sam3xa.o
 .ARM.attributes
                0x0000007d       0x33 Device_Startup/system_sam3xa.o
 .ARM.attributes
                0x000000b0       0x33 libraries.o
 .ARM.attributes
                0x000000e3       0x33 main.o
 .ARM.attributes
                0x00000116       0x33 Source/ringbuffer.o
 .ARM.attributes
                0x00000149       0x33 Source/twi.o
 .ARM.attributes
                0x0000017c       0x33 Source/UART.o
 .ARM.attributes
                0x000001af       0x33 Source/USART.o
 .ARM.attributes
                0x000001e2       0x2d f:/atmel studio/7.0/toolchain/arm/arm-gnu-toolchain/bin/../lib/gcc/arm-none-eabi/4.9.3/../../../../arm-none-eabi/lib/armv7-m\libc.a(lib_a-impure.o)
 .ARM.attributes
                0x0000020f       0x2d f:/atmel studio/7.0/toolchain/arm/arm-gnu-toolchain/bin/../lib/gcc/arm-none-eabi/4.9.3/../../../../arm-none-eabi/lib/armv7-m\libc.a(lib_a-init.o)
 .ARM.attributes
                0x0000023c       0x2d f:/atmel studio/7.0/toolchain/arm/arm-gnu-toolchain/bin/../lib/gcc/arm-none-eabi/4.9.3/../../../../arm-none-eabi/lib/armv7-m\libc.a(lib_a-memmove.o)
 .ARM.attributes
                0x00000269       0x2d f:/atmel studio/7.0/toolchain/arm/arm-gnu-toolchain/bin/../lib/gcc/arm-none-eabi/4.9.3/../../../../arm-none-eabi/lib/armv7-m\libc.a(lib_a-memset.o)
 .ARM.attributes
                0x00000296       0x2d f:/atmel studio/7.0/toolchain/arm/arm-gnu-toolchain/bin/../lib/gcc/arm-none-eabi/4.9.3/../../../../arm-none-eabi/lib/armv7-m\libc.a(lib_a-__call_atexit.o)
 .ARM.attributes
                0x000002c3       0x2d f:/atmel studio/7.0/toolchain/arm/arm-gnu-toolchain/bin/../lib/gcc/arm-none-eabi/4.9.3/../../../../arm-none-eabi/lib/armv7-m\libc.a(lib_a-atexit.o)
 .ARM.attributes
                0x000002f0       0x2d f:/atmel studio/7.0/toolchain/arm/arm-gnu-toolchain/bin/../lib/gcc/arm-none-eabi/4.9.3/../../../../arm-none-eabi/lib/armv7-m\libc.a(lib_a-fini.o)
 .ARM.attributes
                0x0000031d       0x2d f:/atmel studio/7.0/toolchain/arm/arm-gnu-toolchain/bin/../lib/gcc/arm-none-eabi/4.9.3/../../../../arm-none-eabi/lib/armv7-m\libc.a(lib_a-__atexit.o)
 .ARM.attributes
                0x0000034a       0x1d f:/atmel studio/7.0/toolchain/arm/arm-gnu-toolchain/bin/../lib/gcc/arm-none-eabi/4.9.3/armv7-m/crtn.o

.comment        0x00000000       0x5b
 .comment       0x00000000       0x5b Device_Startup/startup_sam3xa.o
                                 0x5c (size before relaxing)
 .comment       0x00000000       0x5c Device_Startup/system_sam3xa.o
 .comment       0x00000000       0x5c libraries.o
 .comment       0x00000000       0x5c main.o
 .comment       0x00000000       0x5c Source/ringbuffer.o
 .comment       0x00000000       0x5c Source/twi.o
 .comment       0x00000000       0x5c Source/UART.o
 .comment       0x00000000       0x5c Source/USART.o

.debug_info     0x00000000     0x7e49
 .debug_info    0x00000000      0x6f0 Device_Startup/startup_sam3xa.o
 .debug_info    0x000006f0      0x450 Device_Startup/system_sam3xa.o
 .debug_info    0x00000b40     0x1926 libraries.o
 .debug_info    0x00002466      0x294 main.o
 .debug_info    0x000026fa      0x6f1 Source/ringbuffer.o
 .debug_info    0x00002deb     0x259c Source/twi.o
 .debug_info    0x00005387     0x133d Source/UART.o
 .debug_info    0x000066c4     0x1785 Source/USART.o

.debug_abbrev   0x00000000     0x13a3
 .debug_abbrev  0x00000000      0x13f Device_Startup/startup_sam3xa.o
 .debug_abbrev  0x0000013f       0xf5 Device_Startup/system_sam3xa.o
 .debug_abbrev  0x00000234      0x2ce libraries.o
 .debug_abbrev  0x00000502       0x9c main.o
 .debug_abbrev  0x0000059e      0x23c Source/ringbuffer.o
 .debug_abbrev  0x000007da      0x556 Source/twi.o
 .debug_abbrev  0x00000d30      0x321 Source/UART.o
 .debug_abbrev  0x00001051      0x352 Source/USART.o

.debug_loc      0x00000000     0x2192
 .debug_loc     0x00000000       0x5e Device_Startup/startup_sam3xa.o
 .debug_loc     0x0000005e       0xe0 libraries.o
 .debug_loc     0x0000013e       0x20 main.o
 .debug_loc     0x0000015e      0x255 Source/ringbuffer.o
 .debug_loc     0x000003b3     0x11fd Source/twi.o
 .debug_loc     0x000015b0      0x3af Source/UART.o
 .debug_loc     0x0000195f      0x833 Source/USART.o

.debug_aranges  0x00000000      0x378
 .debug_aranges
                0x00000000       0x28 Device_Startup/startup_sam3xa.o
 .debug_aranges
                0x00000028       0x30 Device_Startup/system_sam3xa.o
 .debug_aranges
                0x00000058       0x50 libraries.o
 .debug_aranges
                0x000000a8       0x20 main.o
 .debug_aranges
                0x000000c8       0x60 Source/ringbuffer.o
 .debug_aranges
                0x00000128      0x160 Source/twi.o
 .debug_aranges
                0x00000288       0x70 Source/UART.o
 .debug_aranges
                0x000002f8       0x80 Source/USART.o

.debug_ranges   0x00000000      0x890
 .debug_ranges  0x00000000       0x18 Device_Startup/startup_sam3xa.o
 .debug_ranges  0x00000018       0x20 Device_Startup/system_sam3xa.o
 .debug_ranges  0x00000038       0x40 libraries.o
 .debug_ranges  0x00000078       0x10 main.o
 .debug_ranges  0x00000088       0xb0 Source/ringbuffer.o
 .debug_ranges  0x00000138      0x4a8 Source/twi.o
 .debug_ranges  0x000005e0       0xd8 Source/UART.o
 .debug_ranges  0x000006b8      0x1d8 Source/USART.o

.debug_macro    0x00000000    0x138cc
 .debug_macro   0x00000000      0x344 Device_Startup/startup_sam3xa.o
 .debug_macro   0x00000344      0x874 Device_Startup/startup_sam3xa.o
 .debug_macro   0x00000bb8       0x22 Device_Startup/startup_sam3xa.o
 .debug_macro   0x00000bda       0x44 Device_Startup/startup_sam3xa.o
 .debug_macro   0x00000c1e       0x58 Device_Startup/startup_sam3xa.o
 .debug_macro   0x00000c76       0x22 Device_Startup/startup_sam3xa.o
 .debug_macro   0x00000c98      0x1df Device_Startup/startup_sam3xa.o
 .debug_macro   0x00000e77       0x20 Device_Startup/startup_sam3xa.o
 .debug_macro   0x00000e97       0x3a Device_Startup/startup_sam3xa.o
 .debug_macro   0x00000ed1       0x2d Device_Startup/startup_sam3xa.o
 .debug_macro   0x00000efe      0xbb1 Device_Startup/startup_sam3xa.o
 .debug_macro   0x00001aaf      0xa7d Device_Startup/startup_sam3xa.o
 .debug_macro   0x0000252c      0x55a Device_Startup/startup_sam3xa.o
 .debug_macro   0x00002a86      0x1a8 Device_Startup/startup_sam3xa.o
 .debug_macro   0x00002c2e      0x30b Device_Startup/startup_sam3xa.o
 .debug_macro   0x00002f39      0x709 Device_Startup/startup_sam3xa.o
 .debug_macro   0x00003642       0xd6 Device_Startup/startup_sam3xa.o
 .debug_macro   0x00003718      0x56c Device_Startup/startup_sam3xa.o
 .debug_macro   0x00003c84       0x1c Device_Startup/startup_sam3xa.o
 .debug_macro   0x00003ca0      0x678 Device_Startup/startup_sam3xa.o
 .debug_macro   0x00004318      0x51e Device_Startup/startup_sam3xa.o
 .debug_macro   0x00004836       0xbe Device_Startup/startup_sam3xa.o
 .debug_macro   0x000048f4     0x2333 Device_Startup/startup_sam3xa.o
 .debug_macro   0x00006c27      0x7d1 Device_Startup/startup_sam3xa.o
 .debug_macro   0x000073f8      0xdbb Device_Startup/startup_sam3xa.o
 .debug_macro   0x000081b3       0x9a Device_Startup/startup_sam3xa.o
 .debug_macro   0x0000824d      0x29c Device_Startup/startup_sam3xa.o
 .debug_macro   0x000084e9       0x58 Device_Startup/startup_sam3xa.o
 .debug_macro   0x00008541      0x999 Device_Startup/startup_sam3xa.o
 .debug_macro   0x00008eda      0x22d Device_Startup/startup_sam3xa.o
 .debug_macro   0x00009107      0x4b4 Device_Startup/startup_sam3xa.o
 .debug_macro   0x000095bb      0x64a Device_Startup/startup_sam3xa.o
 .debug_macro   0x00009c05      0x590 Device_Startup/startup_sam3xa.o
 .debug_macro   0x0000a195       0x46 Device_Startup/startup_sam3xa.o
 .debug_macro   0x0000a1db      0x33f Device_Startup/startup_sam3xa.o
 .debug_macro   0x0000a51a      0x27e Device_Startup/startup_sam3xa.o
 .debug_macro   0x0000a798     0x14dc Device_Startup/startup_sam3xa.o
 .debug_macro   0x0000bc74      0x7cf Device_Startup/startup_sam3xa.o
 .debug_macro   0x0000c443       0x76 Device_Startup/startup_sam3xa.o
 .debug_macro   0x0000c4b9       0x82 Device_Startup/startup_sam3xa.o
 .debug_macro   0x0000c53b       0x76 Device_Startup/startup_sam3xa.o
 .debug_macro   0x0000c5b1       0x4c Device_Startup/startup_sam3xa.o
 .debug_macro   0x0000c5fd      0x100 Device_Startup/startup_sam3xa.o
 .debug_macro   0x0000c6fd      0x100 Device_Startup/startup_sam3xa.o
 .debug_macro   0x0000c7fd      0x100 Device_Startup/startup_sam3xa.o
 .debug_macro   0x0000c8fd       0x88 Device_Startup/startup_sam3xa.o
 .debug_macro   0x0000c985       0x88 Device_Startup/startup_sam3xa.o
 .debug_macro   0x0000ca0d      0x3b4 Device_Startup/startup_sam3xa.o
 .debug_macro   0x0000cdc1       0xbe Device_Startup/startup_sam3xa.o
 .debug_macro   0x0000ce7f       0xbe Device_Startup/startup_sam3xa.o
 .debug_macro   0x0000cf3d       0xbe Device_Startup/startup_sam3xa.o
 .debug_macro   0x0000cffb       0xbe Device_Startup/startup_sam3xa.o
 .debug_macro   0x0000d0b9      0x2b8 Device_Startup/startup_sam3xa.o
 .debug_macro   0x0000d371      0x118 Device_Startup/startup_sam3xa.o
 .debug_macro   0x0000d489      0x216 Device_Startup/startup_sam3xa.o
 .debug_macro   0x0000d69f      0x216 Device_Startup/startup_sam3xa.o
 .debug_macro   0x0000d8b5       0x2e Device_Startup/startup_sam3xa.o
 .debug_macro   0x0000d8e3       0xac Device_Startup/startup_sam3xa.o
 .debug_macro   0x0000d98f      0x13e Device_Startup/startup_sam3xa.o
 .debug_macro   0x0000dacd       0x7c Device_Startup/startup_sam3xa.o
 .debug_macro   0x0000db49      0x1f6 Device_Startup/startup_sam3xa.o
 .debug_macro   0x0000dd3f       0x64 Device_Startup/startup_sam3xa.o
 .debug_macro   0x0000dda3       0xa6 Device_Startup/startup_sam3xa.o
 .debug_macro   0x0000de49       0x7c Device_Startup/startup_sam3xa.o
 .debug_macro   0x0000dec5       0x16 Device_Startup/startup_sam3xa.o
 .debug_macro   0x0000dedb       0x22 Device_Startup/startup_sam3xa.o
 .debug_macro   0x0000defd       0x22 Device_Startup/startup_sam3xa.o
 .debug_macro   0x0000df1f      0x10c Device_Startup/startup_sam3xa.o
 .debug_macro   0x0000e02b      0x10c Device_Startup/startup_sam3xa.o
 .debug_macro   0x0000e137      0x10c Device_Startup/startup_sam3xa.o
 .debug_macro   0x0000e243      0x10c Device_Startup/startup_sam3xa.o
 .debug_macro   0x0000e34f       0x1c Device_Startup/startup_sam3xa.o
 .debug_macro   0x0000e36b       0x2e Device_Startup/startup_sam3xa.o
 .debug_macro   0x0000e399       0x22 Device_Startup/startup_sam3xa.o
 .debug_macro   0x0000e3bb       0x1c Device_Startup/startup_sam3xa.o
 .debug_macro   0x0000e3d7       0x58 Device_Startup/startup_sam3xa.o
 .debug_macro   0x0000e42f       0x10 Device_Startup/startup_sam3xa.o
 .debug_macro   0x0000e43f      0x27a Device_Startup/startup_sam3xa.o
 .debug_macro   0x0000e6b9      0xd34 Device_Startup/startup_sam3xa.o
 .debug_macro   0x0000f3ed      0x170 Device_Startup/startup_sam3xa.o
 .debug_macro   0x0000f55d      0x356 Device_Startup/system_sam3xa.o
 .debug_macro   0x0000f8b3      0x4f8 libraries.o
 .debug_macro   0x0000fdab      0x886 libraries.o
 .debug_macro   0x00010631      0xbb1 libraries.o
 .debug_macro   0x000111e2      0x1dd libraries.o
 .debug_macro   0x000113bf       0x58 libraries.o
 .debug_macro   0x00011417       0x35 libraries.o
 .debug_macro   0x0001144c       0x9c libraries.o
 .debug_macro   0x000114e8      0x166 libraries.o
 .debug_macro   0x0001164e       0x52 libraries.o
 .debug_macro   0x000116a0       0x16 libraries.o
 .debug_macro   0x000116b6       0x43 libraries.o
 .debug_macro   0x000116f9      0x180 libraries.o
 .debug_macro   0x00011879      0x2b2 libraries.o
 .debug_macro   0x00011b2b       0x10 libraries.o
 .debug_macro   0x00011b3b       0x35 libraries.o
 .debug_macro   0x00011b70       0x16 libraries.o
 .debug_macro   0x00011b86       0x16 libraries.o
 .debug_macro   0x00011b9c       0x29 libraries.o
 .debug_macro   0x00011bc5       0x88 libraries.o
 .debug_macro   0x00011c4d       0x16 libraries.o
 .debug_macro   0x00011c63       0xac libraries.o
 .debug_macro   0x00011d0f       0x5e libraries.o
 .debug_macro   0x00011d6d       0x10 libraries.o
 .debug_macro   0x00011d7d       0x3a libraries.o
 .debug_macro   0x00011db7      0x141 libraries.o
 .debug_macro   0x00011ef8       0x22 libraries.o
 .debug_macro   0x00011f1a       0x10 libraries.o
 .debug_macro   0x00011f2a       0x10 libraries.o
 .debug_macro   0x00011f3a       0x76 libraries.o
 .debug_macro   0x00011fb0       0x34 libraries.o
 .debug_macro   0x00011fe4       0x10 libraries.o
 .debug_macro   0x00011ff4      0x4f8 main.o
 .debug_macro   0x000124ec      0x4f8 Source/ringbuffer.o
 .debug_macro   0x000129e4      0x4f8 Source/twi.o
 .debug_macro   0x00012edc      0x4f8 Source/UART.o
 .debug_macro   0x000133d4      0x4f8 Source/USART.o

.debug_line     0x00000000     0x496c
 .debug_line    0x00000000      0x63f Device_Startup/startup_sam3xa.o
 .debug_line    0x0000063f      0x696 Device_Startup/system_sam3xa.o
 .debug_line    0x00000cd5      0x884 libraries.o
 .debug_line    0x00001559      0x800 main.o
 .debug_line    0x00001d59      0x8f4 Source/ringbuffer.o
 .debug_line    0x0000264d      0xe83 Source/twi.o
 .debug_line    0x000034d0      0x9c2 Source/UART.o
 .debug_line    0x00003e92      0xada Source/USART.o

.debug_str      0x00000000    0x544c1
 .debug_str     0x00000000    0x4e4ee Device_Startup/startup_sam3xa.o
                              0x4e6aa (size before relaxing)
 .debug_str     0x0004e4ee      0x2d7 Device_Startup/system_sam3xa.o
                              0x4e474 (size before relaxing)
 .debug_str     0x0004e7c5     0x50d0 libraries.o
                              0x5321a (size before relaxing)
 .debug_str     0x00053895       0x13 main.o
                              0x52087 (size before relaxing)
 .debug_str     0x000538a8       0x7d Source/ringbuffer.o
                              0x52274 (size before relaxing)
 .debug_str     0x00053925      0x9e3 Source/twi.o
                              0x5320a (size before relaxing)
 .debug_str     0x00054308      0x11f Source/UART.o
                              0x52c67 (size before relaxing)
 .debug_str     0x00054427       0x9a Source/USART.o
                              0x52d6a (size before relaxing)

.debug_frame    0x00000000      0xa14
 .debug_frame   0x00000000       0x38 Device_Startup/startup_sam3xa.o
 .debug_frame   0x00000038       0x40 Device_Startup/system_sam3xa.o
 .debug_frame   0x00000078       0xc8 libraries.o
 .debug_frame   0x00000140       0x28 main.o
 .debug_frame   0x00000168       0xc8 Source/ringbuffer.o
 .debug_frame   0x00000230      0x378 Source/twi.o
 .debug_frame   0x000005a8      0x14c Source/UART.o
 .debug_frame   0x000006f4      0x1b8 Source/USART.o
 .debug_frame   0x000008ac       0x2c f:/atmel studio/7.0/toolchain/arm/arm-gnu-toolchain/bin/../lib/gcc/arm-none-eabi/4.9.3/../../../../arm-none-eabi/lib/armv7-m\libc.a(lib_a-init.o)
 .debug_frame   0x000008d8       0x30 f:/atmel studio/7.0/toolchain/arm/arm-gnu-toolchain/bin/../lib/gcc/arm-none-eabi/4.9.3/../../../../arm-none-eabi/lib/armv7-m\libc.a(lib_a-memmove.o)
 .debug_frame   0x00000908       0x34 f:/atmel studio/7.0/toolchain/arm/arm-gnu-toolchain/bin/../lib/gcc/arm-none-eabi/4.9.3/../../../../arm-none-eabi/lib/armv7-m\libc.a(lib_a-memset.o)
 .debug_frame   0x0000093c       0x50 f:/atmel studio/7.0/toolchain/arm/arm-gnu-toolchain/bin/../lib/gcc/arm-none-eabi/4.9.3/../../../../arm-none-eabi/lib/armv7-m\libc.a(lib_a-__call_atexit.o)
 .debug_frame   0x0000098c       0x20 f:/atmel studio/7.0/toolchain/arm/arm-gnu-toolchain/bin/../lib/gcc/arm-none-eabi/4.9.3/../../../../arm-none-eabi/lib/armv7-m\libc.a(lib_a-atexit.o)
 .debug_frame   0x000009ac       0x34 f:/atmel studio/7.0/toolchain/arm/arm-gnu-toolchain/bin/../lib/gcc/arm-none-eabi/4.9.3/../../../../arm-none-eabi/lib/armv7-m\libc.a(lib_a-fini.o)
 .debug_frame   0x000009e0       0x34 f:/atmel studio/7.0/toolchain/arm/arm-gnu-toolchain/bin/../lib/gcc/arm-none-eabi/4.9.3/../../../../arm-none-eabi/lib/armv7-m\libc.a(lib_a-__atexit.o)
